// Jest Snapshot v1, https://goo.gl/fbAQLP

exports[`render Home component 1`] = `
<DocumentFragment>
  <div
    class="container"
  >
    <header>
      <div
        class="project_title"
      >
        Math Magicians
      </div>
      <nav>
        <ul
          class="menu"
        >
          <a
            href="/"
          >
            <li
              class="menu_element start_menu_element selected_menu_element"
            >
              Home
            </li>
          </a>
          <a
            href="/calcul"
          >
            <li
              class="menu_element"
            >
              Calculator
            </li>
          </a>
          <a
            href="/quote"
          >
            <li
              class="menu_element"
            >
              Quote
            </li>
          </a>
        </ul>
      </nav>
    </header>
    <section
      class="section home_section"
    >
      <h1>
        Welcome to our page!
      </h1>
      <div
        class="section_content"
      >
        <p>
          Lorem ipsum dolor sit amet, consectetur adipiscing elit, sed do eiusmod tempor incididunt ut labore et dolore magna aliqua. Ut enim ad minim veniam, qui s nostrud exercitation ullamco laboris nisi ut aliquip ex ea commodo consequat.Duis aute i rure dolor in reprehenderit in voluptate velit esse cillum dolore eu fugiat nulla pariatur. Excepteur sint occaecat cupidatat non proident, sunt in culpa qui officia deserunt mollit anim id est laborum.
        </p>
        <p>
          Lorem ipsum dolor sit amet, consectetur adipiscing elit, sed d o eiusmod tempor incididunt ut labore et dolore magna aliqua. Ut enim ad minim veniam, quis nos trud exercitation ullamco laboris nisi ut aliquip ex ea commodo consequat.Duis aute irur e dolor in reprehenderit in voluptate velit esse cillum dolore eu fugiat nulla pariatu r. Excepteur sint occaecat cupidatat non proident, sunt in culpa qui officia deserunt molli t anim id est laborum.
        </p>
      </div>
    </section>
  </div>
</DocumentFragment>
`;
